[start] 2026-05-04T22:33:29.913474
[info] retries=1 sleep=8s
[info] loaded vless: 200 keys
[info] loaded keys: 200 keys
[info] loaded ru: 21 keys
[ok] written git/2Tues (200 keys)
[ok] written git/WhiteKeys (200 keys)
[ok] written git/RU_other (21 keys)
[done] git files updated
[start] sending 10 keys from file/desc_keys/ss.txt
[ok] sent 1/10
[ok] sent 2/10
[ok] sent 3/10
[ok] sent 4/10
[ok] sent 5/10
[ok] sent 6/10
[ok] sent 7/10
[ok] sent 8/10
[ok] sent 9/10
[ok] sent 10/10
[done] sent=10/10
[done] commit + push + telegram notify complete
