[start] 2026-05-04T23:08:43.796200
[info] retries=1 sleep=8s
fetch: https://github.com/AvenCores/goida-vpn-configs/raw/refs/heads/main/githubmirror/1.txt
size: 2212956
found: 2942 370
fetch: https://github.com/AvenCores/goida-vpn-configs/raw/refs/heads/main/githubmirror/2.txt
size: 4426278
found: 20575 0
fetch: https://github.com/AvenCores/goida-vpn-configs/raw/refs/heads/main/githubmirror/3.txt
size: 1888165
found: 5748 1189
fetch: https://github.com/AvenCores/goida-vpn-configs/raw/refs/heads/main/githubmirror/4.txt
size: 69108
found: 109 6
fetch: https://github.com/AvenCores/goida-vpn-configs/raw/refs/heads/main/githubmirror/5.txt
size: 231298
found: 694 80
fetch: https://github.com/AvenCores/goida-vpn-configs/raw/refs/heads/main/githubmirror/6.txt
size: 32528
found: 63 36
fetch: https://github.com/AvenCores/goida-vpn-configs/raw/refs/heads/main/githubmirror/7.txt
size: 98900
found: 0 0
fetch: https://github.com/AvenCores/goida-vpn-configs/raw/refs/heads/main/githubmirror/8.txt
size: 71776
found: 321 0
fetch: https://github.com/AvenCores/goida-vpn-configs/raw/refs/heads/main/githubmirror/9.txt
size: 62749
found: 299 0
fetch: https://github.com/AvenCores/goida-vpn-configs/raw/refs/heads/main/githubmirror/10.txt
size: 1356496
found: 4844 0
fetch: https://github.com/AvenCores/goida-vpn-configs/raw/refs/heads/main/githubmirror/11.txt
size: 40536
found: 13 313
fetch: https://github.com/AvenCores/goida-vpn-configs/raw/refs/heads/main/githubmirror/12.txt
size: 1012569
found: 3455 0
fetch: https://github.com/AvenCores/goida-vpn-configs/raw/refs/heads/main/githubmirror/13.txt
size: 447
found: 2 0
fetch: https://github.com/AvenCores/goida-vpn-configs/raw/refs/heads/main/githubmirror/14.txt
size: 159979
found: 507 68
fetch: https://github.com/AvenCores/goida-vpn-configs/raw/refs/heads/main/githubmirror/15.txt
size: 65310
found: 334 8
fetch: https://github.com/AvenCores/goida-vpn-configs/raw/refs/heads/main/githubmirror/16.txt
size: 3124
found: 0 2
fetch: https://github.com/AvenCores/goida-vpn-configs/raw/refs/heads/main/githubmirror/17.txt
size: 127712
found: 202 24
fetch: https://github.com/AvenCores/goida-vpn-configs/raw/refs/heads/main/githubmirror/18.txt
size: 138524
found: 380 0
fetch: https://github.com/AvenCores/goida-vpn-configs/raw/refs/heads/main/githubmirror/19.txt
size: 278779
found: 405 572
fetch: https://github.com/AvenCores/goida-vpn-configs/raw/refs/heads/main/githubmirror/20.txt
size: 399627
found: 466 242
fetch: https://github.com/AvenCores/goida-vpn-configs/raw/refs/heads/main/githubmirror/21.txt
size: 390520
found: 588 675
fetch: https://github.com/AvenCores/goida-vpn-configs/raw/refs/heads/main/githubmirror/22.txt
size: 44897
found: 128 0
fetch: https://github.com/AvenCores/goida-vpn-configs/raw/refs/heads/main/githubmirror/23.txt
size: 43309
found: 152 0
fetch: https://github.com/AvenCores/goida-vpn-configs/raw/refs/heads/main/githubmirror/24.txt
size: 306289
found: 1092 0
fetch: https://github.com/AvenCores/goida-vpn-configs/raw/refs/heads/main/githubmirror/25.txt
size: 39187
found: 212 0
fetch: https://github.com/elanski/proxy-preflight/raw/refs/heads/main/configs/VLESS+Reality+XTLS
size: 2041265
found: 7277 0
fetch: https://github.com/elanski/proxy-preflight/raw/refs/heads/main/configs/available
size: 45497
found: 180 0
fetch: https://github.com/elanski/proxy-preflight/raw/refs/heads/main/configs/collected_raw
size: 1849743
found: 6801 0
fetch: https://github.com/bonymalomalo/vless-auto-update/raw/refs/heads/main/vless-scan/dump.txt
size: 14177692
found: 55249 0
fetch: https://github.com/bonymalomalo/vless-auto-update/raw/refs/heads/main/vless-scan/vless.txt
size: 13584689
found: 63401 0
fetch: https://github.com/bonymalomalo/vless-auto-update/raw/refs/heads/main/vless-scan/vless_runapp.txt
size: 2754
found: 12 0
fetch: https://github.com/Epodonios/v2ray-configs/raw/main/Splitted-By-Protocol/vless.txt
size: 876780
found: 2820 0
fetch: https://raw.githubusercontent.com/ShatakVPN/ConfigForge-V2Ray/main/configs/vless.txt
size: 386058
found: 1578 0
fetch: https://raw.githubusercontent.com/ShatakVPN/ConfigForge-V2Ray/main/configs/shadowsocks.txt
size: 59327
found: 0 465
fetch: https://raw.githubusercontent.com/igareck/vpn-configs-for-russia/refs/heads/main/BLACK_SS+All_RUS.txt
size: 11776
found: 0 1
fetch: https://github.com/qopq1366/VlessConfig/raw/refs/heads/main/sub.txt
size: 651722
found: 2552 268
fetch: https://github.com/milchee/vless_subs/raw/refs/heads/main/hiro.txt
size: 145480
found: 573 0
fetch: https://github.com/avbak/symmetrical-spork/raw/refs/heads/main/filtered_configs.txt
size: 1566
found: 6 0
fetch: https://github.com/V2RayRoot/V2Root-ConfigPilot/raw/refs/heads/main/output/BestConfigs.txt
size: 2190
found: 5 5
fetch: https://github.com/MohsenReyhani/vless-subscriptions/raw/refs/heads/main/sub.txt
size: 22485
found: 108 8
fetch: https://github.com/gslege/CloudflareIP/blob/main/Vless.txt
size: 243420
found: 0 0
fetch: https://github.com/vovan046kursk-stack/vless-list1/raw/refs/heads/main/vless_list_new.txt
size: 57811
found: 174 0
fetch: https://github.com/Surfboardv2ray/Proxy-sorter/raw/refs/heads/main/output/US.txt
size: 14871
found: 70 0
fetch: https://github.com/Surfboardv2ray/Proxy-sorter/raw/refs/heads/main/ws_tls/7899/7899
size: 54335
found: 217 0
fetch: https://github.com/Surfboardv2ray/Proxy-sorter/raw/refs/heads/main/ws_tls/proxies/wstls
size: 55722
found: 217 0
fetch: https://github.com/Firmfox/Proxify/raw/refs/heads/main/v2ray_configs/seperated_by_protocol/vless.txt
size: 1117420
found: 4715 4
fetch: https://github.com/Firmfox/Proxify/raw/refs/heads/main/v2ray_configs/seperated_by_protocol/shadowsocks.txt
size: 353445
found: 0 1909
fetch: https://github.com/sevcator/5ubscrpt10n/raw/refs/heads/main/protocols/ss.txt
size: 2337675
found: 0 20623
fetch: https://raw.githubusercontent.com/sakha1370/OpenRay/refs/heads/main/output/kind/ss.txt
size: 58580
found: 0 370
fetch: https://github.com/T3stAcc/V2Ray/raw/refs/heads/main/Splitted-By-Protocol/vless.txt
size: 372016
found: 1076 0
fetch: https://github.com/T3stAcc/V2Ray/raw/refs/heads/main/Splitted-By-Protocol/ss.txt
size: 89588
found: 0 483

DEFAULT RESULT:
vless: 82687
ss: 15658
fetch: https://github.com/AvenCores/goida-vpn-configs/raw/refs/heads/main/githubmirror/26.txt
size: 989197
found: 2050 175
fetch: https://github.com/elanski/proxy-preflight/raw/refs/heads/main/configs/available_ru
size: 8374
found: 29 0
fetch: https://github.com/elanski/proxy-preflight/raw/refs/heads/main/configs/sub_ru.txt
size: 34656
found: 100 0
fetch: https://raw.githubusercontent.com/igareck/vpn-configs-for-russia/refs/heads/main/Vless-Reality-White-Lists-Rus-Mobile.txt
size: 43599
found: 149 0
fetch: https://raw.githubusercontent.com/igareck/vpn-configs-for-russia/refs/heads/main/Vless-Reality-White-Lists-Rus-Mobile-2.txt
size: 44826
found: 150 0
fetch: https://raw.githubusercontent.com/igareck/vpn-configs-for-russia/refs/heads/main/WHITE-CIDR-RU-all.txt
size: 205791
found: 618 0
fetch: https://raw.githubusercontent.com/igareck/vpn-configs-for-russia/refs/heads/main/WHITE-CIDR-RU-checked.txt
size: 30067
found: 105 0
fetch: https://raw.githubusercontent.com/igareck/vpn-configs-for-russia/refs/heads/main/WHITE-SNI-RU-all.txt
size: 22569
found: 74 0
fetch: https://github.com/JeBance/CheburNet/raw/refs/heads/gh-pages/cheburnet.txt
size: 29819
found: 85 0
fetch: https://raw.githubusercontent.com/EtoNeYaProject/etoneyaproject.github.io/refs/heads/main/1
size: 613392
found: 2004 263
fetch: https://gitverse.ru/api/repos/bywarm/rser/raw/branch/master/selected.txt
size: 65688
found: 217 0
fetch: https://gitverse.ru/api/repos/bywarm/rser/raw/branch/master/wl.txt
size: 857420
found: 2247 22
fetch: https://gitverse.ru/api/repos/bywarm/rser/raw/branch/master/merged.txt
size: 2891189
found: 8174 424
fetch: https://wlrus.lol/confs/blackl.txt
size: 81023
found: 266 12
fetch: https://raw.githubusercontent.com/igareck/vpn-configs-for-russia/refs/heads/main/BLACK_VLESS_RUS.txt
size: 77663
found: 270 0
fetch: https://raw.githubusercontent.com/prominbro/KfWL/refs/heads/main/KfWL.txt
size: 562648
found: 1558 10
fetch: https://obwl.vercel.app/sub.txt
size: 588
found: 3 0
fetch: https://raw.githubusercontent.com/vsevjik/OBWLautoupd/refs/heads/main/ru_vless_reality.txt#OBWL
FAILED: https://raw.githubusercontent.com/vsevjik/OBWLautoupd/refs/heads/main/ru_vless_reality.txt#OBWL
size: 0
found: 0 0
fetch: https://raw.githubusercontent.com/tankist939-afk/Obhod-WL/refs/heads/main/Obhod%20WL
size: 15157
found: 56 0
fetch: https://raw.githubusercontent.com/AirLinkVPN1/AirLinkVPN/refs/heads/main/rkn_white_list
size: 428167
found: 1305 0
fetch: https://raw.githubusercontent.com/RKPchannel/RKP_bypass_configs/refs/heads/main/configs/url_work.txt
size: 959869
found: 3422 0
fetch: https://gitflic.ru/project/sigil/my-new-cool-project/blob/raw?file=whitelist
size: 83992
found: 259 0
fetch: https://raw.githubusercontent.com/gergew452/Generation-Liberty/refs/heads/main/githubmirror/best.txt
size: 10657
found: 33 9
fetch: https://mygala.ru/vpn/premium.php
FAILED: https://mygala.ru/vpn/premium.php
size: 0
found: 0 0
fetch: https://raw.githubusercontent.com/Sanuyyq/sub-storage1/refs/heads/main/bs.txt
size: 655199
found: 2069 0
fetch: https://gbr.mydan.online/configs
size: 5712
found: 22 0
fetch: https://raw.githubusercontent.com/Temnuk/naabuzil/refs/heads/main/Svoboda
size: 21066
found: 70 0
fetch: https://raw.githubusercontent.com/ewecrow78-gif/whitelist1/main/list.txt
size: 565113
found: 1735 0
fetch: https://ety.twinkvibe.gay/whitelist
size: 137261
found: 383 0
fetch: https://raw.githubusercontent.com/LimeHi/LimeVPN/refs/heads/main/LimeVPN.txt?v=1
size: 1047
found: 3 1
fetch: https://raw.githubusercontent.com/ShatakVPN/ConfigForge-V2Ray/main/configs/ru/vless.txt
size: 210575
found: 890 0
fetch: https://subrostunnel.vercel.app/gen.txt
size: 152236
found: 301 0
fetch: https://subrostunnel.vercel.app/wl.txt
size: 399032
found: 963 0
fetch: https://rostunnel.vercel.app/mega.txt
size: 2822167
found: 5128 480
fetch: https://github.com/ksenkovsolo/HardVPN-bypass-WhiteLists-/raw/refs/heads/main/vpn-lte/WHITELIST-ALL.txt
size: 40194
found: 79 0
fetch: https://gist.github.com/DestroyST6767/50af50221ca1858ba2084efc0f524fbc.txt
size: 34890
found: 119 0
fetch: https://raw.githubusercontent.com/ByeWhiteLists/ByeWhiteLists2/refs/heads/main/ByeWhiteLists2.txt
size: 314143
found: 1031 0
fetch: https://raw.githubusercontent.com/kort0881/vpn-checker-backend/refs/heads/main/checked/RU_Best/ru_white_all_WHITE.txt
size: 795468
found: 2526 247
fetch: https://raw.githubusercontent.com/Maskkost93/kizyak-vpn-4.0/refs/heads/main/kizyakbeta6.txt
size: 84131
found: 290 0
fetch: https://raw.githubusercontent.com/Maskkost93/kizyak-vpn-4.0/refs/heads/main/kizyakbeta6BL.txt
size: 11314
found: 0 1
fetch: https://raw.githubusercontent.com/Ilyacom4ik/free-v2ray-2026/main/subscriptions/FreeCFGHub1.txt
size: 24483
found: 100 0
fetch: https://raw.githubusercontent.com/whoahaow/rjsxrd/refs/heads/main/githubmirror/bypass/bypass-all.txt
size: 1200051
found: 3920 9
fetch: https://raw.githubusercontent.com/prominbro/sub/refs/heads/main/212.txt
size: 15540
found: 58 0

WHITELIST DONE
total keys: 111738
